0 verbose cli C:\Program Files\nodejs\node.exe C:\Program Files\nodejs\node_modules\npm\bin\npm-cli.js
1 info using npm@11.16.0
2 info using node@v24.18.0
3 silly config load:file:C:\Program Files\nodejs\node_modules\npm\npmrc
4 silly config load:file:C:\Users\Hoang Minh\Downloads\SWP391_GroupC-main\SWP391_GroupC-main\Invoices\.npmrc
5 silly config load:file:C:\Users\Hoang Minh\.npmrc
6 silly config load:file:C:\Users\Hoang Minh\AppData\Roaming\npm\etc\npmrc
7 verbose title npm install dotenv@16.6.1
8 verbose argv "install" "dotenv@16.6.1" "--cache" ".\\.npm-cache"
9 verbose logfile logs-max:10 dir:C:\Users\Hoang Minh\Downloads\SWP391_GroupC-main\SWP391_GroupC-main\Invoices\.npm-cache\_logs\2026-07-13T00_51_20_299Z-
10 verbose logfile C:\Users\Hoang Minh\Downloads\SWP391_GroupC-main\SWP391_GroupC-main\Invoices\.npm-cache\_logs\2026-07-13T00_51_20_299Z-debug-0.log
11 silly logfile done cleaning log files
12 silly packumentCache heap:4496293888 maxSize:1124073472 maxEntrySize:562036736
13 silly idealTree buildDeps
14 silly fetch manifest dotenv@16.6.1
15 silly packumentCache full:https://registry.npmjs.org/dotenv cache-miss
16 http fetch GET 200 https://registry.npmjs.org/dotenv 231ms (cache miss)
17 silly packumentCache full:https://registry.npmjs.org/dotenv set size:undefined disposed:false
18 silly placeDep ROOT dotenv@16.6.1 OK for: invoices@1.0.0 want: 16.6.1
19 silly reify moves {}
20 silly audit bulk request {
20 silly audit   '@azure-rest/core-client': [ '2.7.0' ],
20 silly audit   '@azure/abort-controller': [ '2.1.2' ],
20 silly audit   '@azure/core-auth': [ '1.10.1' ],
20 silly audit   '@azure/core-client': [ '1.10.2' ],
20 silly audit   '@azure/core-lro': [ '2.7.2' ],
20 silly audit   '@azure/core-paging': [ '1.6.2' ],
20 silly audit   '@azure/core-rest-pipeline': [ '1.24.0' ],
20 silly audit   '@azure/core-tracing': [ '1.3.1' ],
20 silly audit   '@azure/core-util': [ '1.13.1' ],
20 silly audit   '@azure/identity': [ '4.13.1' ],
20 silly audit   '@azure/keyvault-common': [ '2.1.0' ],
20 silly audit   '@azure/keyvault-keys': [ '4.10.2' ],
20 silly audit   '@azure/logger': [ '1.3.0' ],
20 silly audit   '@azure/msal-browser': [ '5.17.0' ],
20 silly audit   '@azure/msal-common': [ '16.11.1' ],
20 silly audit   '@azure/msal-node': [ '5.4.0' ],
20 silly audit   '@js-joda/core': [ '5.7.0' ],
20 silly audit   '@tediousjs/connection-string': [ '0.5.0' ],
20 silly audit   '@types/node': [ '26.1.1' ],
20 silly audit   '@types/readable-stream': [ '4.0.24' ],
20 silly audit   '@typespec/ts-http-runtime': [ '0.3.6' ],
20 silly audit   'abort-controller': [ '3.0.0' ],
20 silly audit   accepts: [ '2.0.0' ],
20 silly audit   'agent-base': [ '7.1.4' ],
20 silly audit   anymatch: [ '3.1.3' ],
20 silly audit   'balanced-match': [ '4.0.4' ],
20 silly audit   'base64-js': [ '1.5.1' ],
20 silly audit   'binary-extensions': [ '2.3.0' ],
20 silly audit   bl: [ '6.1.6' ],
20 silly audit   'body-parser': [ '2.3.0' ],
20 silly audit   'content-type': [ '2.0.0', '1.0.5' ],
20 silly audit   'brace-expansion': [ '5.0.7' ],
20 silly audit   braces: [ '3.0.3' ],
20 silly audit   buffer: [ '6.0.3' ],
20 silly audit   'buffer-equal-constant-time': [ '1.0.1' ],
20 silly audit   'bundle-name': [ '4.1.0' ],
20 silly audit   bytes: [ '3.1.2' ],
20 silly audit   'call-bind-apply-helpers': [ '1.0.2' ],
20 silly audit   'call-bound': [ '1.0.4' ],
20 silly audit   chokidar: [ '3.6.0' ],
20 silly audit   commander: [ '11.1.0' ],
20 silly audit   'content-disposition': [ '1.1.0' ],
20 silly audit   cookie: [ '0.7.2' ],
20 silly audit   'cookie-signature': [ '1.2.2' ],
20 silly audit   dayjs: [ '1.11.21' ],
20 silly audit   debug: [ '4.4.3' ],
20 silly audit   'default-browser': [ '5.5.0' ],
20 silly audit   'default-browser-id': [ '5.0.1' ],
20 silly audit   'define-lazy-prop': [ '3.0.0' ],
20 silly audit   depd: [ '2.0.0' ],
20 silly audit   'dunder-proto': [ '1.0.1' ],
20 silly audit   'ecdsa-sig-formatter': [ '1.0.11' ],
20 silly audit   'ee-first': [ '1.1.1' ],
20 silly audit   encodeurl: [ '2.0.0' ],
20 silly audit   'es-define-property': [ '1.0.1' ],
20 silly audit   'es-errors': [ '1.3.0' ],
20 silly audit   'es-object-atoms': [ '1.1.2' ],
20 silly audit   'escape-html': [ '1.0.3' ],
20 silly audit   etag: [ '1.8.1' ],
20 silly audit   'event-target-shim': [ '5.0.1' ],
20 silly audit   events: [ '3.3.0' ],
20 silly audit   express: [ '5.2.1' ],
20 silly audit   'fill-range': [ '7.1.1' ],
20 silly audit   finalhandler: [ '2.1.1' ],
20 silly audit   forwarded: [ '0.2.0' ],
20 silly audit   fresh: [ '2.0.0' ],
20 silly audit   fsevents: [ '2.3.3' ],
20 silly audit   'function-bind': [ '1.1.2' ],
20 silly audit   'get-intrinsic': [ '1.3.0' ],
20 silly audit   'get-proto': [ '1.0.1' ],
20 silly audit   'glob-parent': [ '5.1.2' ],
20 silly audit   gopd: [ '1.2.0' ],
20 silly audit   'has-flag': [ '3.0.0' ],
20 silly audit   'has-symbols': [ '1.1.0' ],
20 silly audit   hasown: [ '2.0.4' ],
20 silly audit   'http-errors': [ '2.0.1' ],
20 silly audit   'http-proxy-agent': [ '7.0.2' ],
20 silly audit   'https-proxy-agent': [ '7.0.6' ],
20 silly audit   'iconv-lite': [ '0.7.2', '0.6.3' ],
20 silly audit   ieee754: [ '1.2.1' ],
20 silly audit   'ignore-by-default': [ '1.0.1' ],
20 silly audit   inherits: [ '2.0.4' ],
20 silly audit   'ipaddr.js': [ '1.9.1' ],
20 silly audit   'is-binary-path': [ '2.1.0' ],
20 silly audit   'is-docker': [ '3.0.0' ],
20 silly audit   'is-extglob': [ '2.1.1' ],
20 silly audit   'is-glob': [ '4.0.3' ],
20 silly audit   'is-inside-container': [ '1.0.0' ],
20 silly audit   'is-number': [ '7.0.0' ],
20 silly audit   'is-promise': [ '4.0.0' ],
20 silly audit   'is-wsl': [ '3.1.1' ],
20 silly audit   'js-md4': [ '0.3.2' ],
20 silly audit   jsonwebtoken: [ '9.0.3' ],
20 silly audit   jwa: [ '2.0.1' ],
20 silly audit   jws: [ '4.0.1' ],
20 silly audit   'lodash.includes': [ '4.3.0' ],
20 silly audit   'lodash.isboolean': [ '3.0.3' ],
20 silly audit   'lodash.isinteger': [ '4.0.4' ],
20 silly audit   'lodash.isnumber': [ '3.0.3' ],
20 silly audit   'lodash.isplainobject': [ '4.0.6' ],
20 silly audit   'lodash.isstring': [ '4.0.1' ],
20 silly audit   'lodash.once': [ '4.1.1' ],
20 silly audit   'math-intrinsics': [ '1.1.0' ],
20 silly audit   'media-typer': [ '1.1.0' ],
20 silly audit   'merge-descriptors': [ '2.0.0' ],
20 silly audit   'mime-db': [ '1.54.0' ],
20 silly audit   'mime-types': [ '3.0.2' ],
20 silly audit   minimatch: [ '10.2.5' ],
20 silly audit   ms: [ '2.1.3' ],
20 silly audit   mssql: [ '11.0.1' ],
20 silly audit   'native-duplexpair': [ '1.0.0' ],
20 silly audit   negotiator: [ '1.0.0' ],
20 silly audit   nodemon: [ '3.1.14' ],
20 silly audit   'normalize-path': [ '3.0.0' ],
20 silly audit   'object-inspect': [ '1.13.4' ],
20 silly audit   'on-finished': [ '2.4.1' ],
20 silly audit   once: [ '1.4.0' ],
20 silly audit   open: [ '10.2.0' ],
20 silly audit   parseurl: [ '1.3.3' ],
20 silly audit   'path-to-regexp': [ '8.4.2' ],
20 silly audit   picomatch: [ '2.3.2' ],
20 silly audit   process: [ '0.11.10' ],
20 silly audit   'proxy-addr': [ '2.0.7' ],
20 silly audit   'pstree.remy': [ '1.1.8' ],
20 silly audit   qs: [ '6.15.3' ],
20 silly audit   'range-parser': [ '1.3.0' ],
20 silly audit   'raw-body': [ '3.0.2' ],
20 silly audit   'readable-stream': [ '4.7.0' ],
20 silly audit   readdirp: [ '3.6.0' ],
20 silly audit   rfdc: [ '1.4.1' ],
20 silly audit   router: [ '2.2.0' ],
20 silly audit   'run-applescript': [ '7.1.0' ],
20 silly audit   'safe-buffer': [ '5.2.1' ],
20 silly audit   'safer-buffer': [ '2.1.2' ],
20 silly audit   semver: [ '7.8.5' ],
20 silly audit   send: [ '1.2.1' ],
20 silly audit   'serve-static': [ '2.2.1' ],
20 silly audit   setprototypeof: [ '1.2.0' ],
20 silly audit   'side-channel': [ '1.1.1' ],
20 silly audit   'side-channel-list': [ '1.0.1' ],
20 silly audit   'side-channel-map': [ '1.0.1' ],
20 silly audit   'side-channel-weakmap': [ '1.0.2' ],
20 silly audit   'simple-update-notifier': [ '2.0.0' ],
20 silly audit   'sprintf-js': [ '1.1.3' ],
20 silly audit   statuses: [ '2.0.2' ],
20 silly audit   string_decoder: [ '1.3.0' ],
20 silly audit   'supports-color': [ '5.5.0' ],
20 silly audit   tarn: [ '3.1.2' ],
20 silly audit   tedious: [ '18.6.2' ],
20 silly audit   'to-regex-range': [ '5.0.1' ],
20 silly audit   toidentifier: [ '1.0.1' ],
20 silly audit   touch: [ '3.1.1' ],
20 silly audit   tslib: [ '2.8.1' ],
20 silly audit   'type-is': [ '2.1.0' ],
20 silly audit   undefsafe: [ '2.0.5' ],
20 silly audit   'undici-types': [ '8.3.0' ],
20 silly audit   unpipe: [ '1.0.0' ],
20 silly audit   vary: [ '1.1.2' ],
20 silly audit   vnpay: [ '2.5.0' ],
20 silly audit   wrappy: [ '1.0.2' ],
20 silly audit   'wsl-utils': [ '0.1.0' ],
20 silly audit   dotenv: [ '16.6.1' ]
20 silly audit }
21 http cache dotenv@https://registry.npmjs.org/dotenv/-/dotenv-16.6.1.tgz 0ms (cache hit)
22 silly tarball no local data for dotenv@https://registry.npmjs.org/dotenv/-/dotenv-16.6.1.tgz. Extracting by manifest.
23 http fetch POST 200 https://registry.npmjs.org/-/npm/v1/security/advisories/bulk 195ms
24 silly audit report {}
25 http fetch GET 200 https://registry.npmjs.org/dotenv/-/dotenv-16.6.1.tgz 264ms (cache miss)
26 silly ADD node_modules/dotenv
27 verbose cwd C:\Users\Hoang Minh\Downloads\SWP391_GroupC-main\SWP391_GroupC-main\Invoices
28 verbose os Windows_NT 10.0.26200
29 verbose node v24.18.0
30 verbose npm  v11.16.0
31 verbose exit 0
32 info ok
